../Core/Src/main.c:80:5:main	40	static
../Core/Src/main.c:134:6:SystemClock_Config	88	static
../Core/Src/main.c:176:13:MX_I2C1_Init	8	static
../Core/Src/main.c:210:13:MX_TIM2_Init	56	static
../Core/Src/main.c:259:13:MX_TIM3_Init	48	static
../Core/Src/main.c:312:13:MX_TIM4_Init	48	static
../Core/Src/main.c:365:13:MX_TIM5_Init	56	static
../Core/Src/main.c:414:13:MX_USART2_Init	8	static
../Core/Src/main.c:448:13:MX_USART6_UART_Init	8	static
../Core/Src/main.c:481:13:MX_GPIO_Init	24	static
../Core/Src/main.c:503:6:Error_Handler	4	static,ignoring_inline_asm
