17:03:33 **** Incremental Build of configuration Debug for project cubemx ****
make -j12 all 
arm-none-eabi-gcc "../Core/Src/main.c" -mcpu=cortex-m4 -std=gnu11 -g3 -DDEBUG -DUSE_HAL_DRIVER -DSTM32F446xx -c -I../Core/Inc -I../Drivers/STM32F4xx_HAL_Driver/Inc -I../Drivers/STM32F4xx_HAL_Driver/Inc/Legacy -I../Drivers/CMSIS/Device/ST/STM32F4xx/Include -I../Drivers/CMSIS/Include -O0 -ffunction-sections -fdata-sections -Wall -fstack-usage -fcyclomatic-complexity -MMD -MP -MF"Core/Src/main.d" -MT"Core/Src/main.o" --specs=nano.specs -mfpu=fpv4-sp-d16 -mfloat-abi=hard -mthumb -o "Core/Src/main.o"
../Core/Src/main.c: In function 'main':
../Core/Src/main.c:121:10: warning: unused variable 'data' [-Wunused-variable]
  121 |    char* data = "Hey\n\r";
      |          ^~~~
../Core/Src/main.c:120:13: warning: unused variable 'encCnt' [-Wunused-variable]
  120 |    uint32_t encCnt = TIM5->CNT;
      |             ^~~~~~
arm-none-eabi-gcc -o "cubemx.elf" @"objects.list"   -mcpu=cortex-m4 -T"C:\src\swarm_crawler-firmware\firmwarePioCube\cubemx\cubemx\STM32F446RETX_FLASH.ld" --specs=nosys.specs -Wl,-Map="cubemx.map" -Wl,--gc-sections -static --specs=nano.specs -mfpu=fpv4-sp-d16 -mfloat-abi=hard -mthumb -Wl,--start-group -lc -lm -Wl,--end-group
Finished building target: cubemx.elf
 
arm-none-eabi-size   cubemx.elf 
arm-none-eabi-objdump -h -S  cubemx.elf  > "cubemx.list"
   text	   data	    bss	    dec	    hex	filename
  14824	     20	   2076	  16920	   4218	cubemx.elf
Finished building: default.size.stdout
 
Finished building: cubemx.list
 

17:03:36 Build Finished. 0 errors, 2 warnings. (took 3s.626ms)

